2026-06-28 07:20:30,590 [INFO] Demarrage du service.
2026-06-28 07:20:30,595 [INFO] uvicorn lance, PID=18644
2026-06-28 07:20:30,595 [INFO] Service Running.
2026-06-28 07:22:23,024 [INFO] Arret demande.
2026-06-28 07:22:23,025 [INFO] Processus uvicorn termine.
2026-06-28 07:22:23,025 [INFO] Service arrete proprement.
2026-06-28 07:22:25,147 [INFO] Demarrage du service.
2026-06-28 07:22:25,152 [INFO] uvicorn lance, PID=20152
2026-06-28 07:22:25,152 [INFO] Service Running.
2026-06-28 07:46:09,944 [INFO] Arret demande.
2026-06-28 07:46:09,944 [INFO] Processus uvicorn termine.
2026-06-28 07:46:09,944 [INFO] Service arrete proprement.
2026-06-28 07:46:15,581 [INFO] Service starting.
2026-06-28 07:46:15,587 [INFO] uvicorn started, PID=23336.
2026-06-28 07:59:43,568 [INFO] Stop requested.
2026-06-28 07:59:43,568 [INFO] Terminating uvicorn process, PID=23336.
2026-06-28 07:59:43,577 [INFO] uvicorn process terminated.
2026-06-28 07:59:43,577 [INFO] Service stopped.
2026-06-28 07:59:46,205 [INFO] Service starting.
2026-06-28 07:59:46,210 [INFO] uvicorn started, PID=19120.
2026-06-28 08:33:57,146 [INFO] Stop requested.
2026-06-28 08:33:57,146 [INFO] Terminating uvicorn process, PID=19120.
2026-06-28 08:33:57,169 [INFO] uvicorn process terminated.
2026-06-28 08:33:57,169 [INFO] Service stopped.
2026-06-28 08:34:00,393 [INFO] Service starting.
2026-06-28 08:34:00,402 [INFO] uvicorn started, PID=11412.
2026-06-28 08:43:01,808 [INFO] Stop requested.
2026-06-28 08:43:01,809 [INFO] Terminating uvicorn process, PID=11412.
2026-06-28 08:43:01,831 [INFO] uvicorn process terminated.
2026-06-28 08:43:01,833 [INFO] Service stopped.
2026-06-28 08:43:04,531 [INFO] Service starting.
2026-06-28 08:43:04,539 [INFO] uvicorn started, PID=21752.
2026-06-28 09:51:13,913 [INFO] Service starting.
2026-06-28 09:51:13,999 [INFO] uvicorn started, PID=7516.
